// Jest Snapshot v1, https://goo.gl/fbAQLP

exports[`should not crash when getting globalThis in code 1`] = `
"import * as React from \\"react\\";
declare export default class MenuStatefulContainer extends React.Component<> {
  handleItemClick: (event: SyntheticMouseEvent<HTMLElement>) => void;
  render(): React.Node;
}
"
`;
